// Jest Snapshot v1, https://goo.gl/fbAQLP

exports[`<SearchBar /> render() renders the component 1`] = `
<div
  className="search-container"
>
  <div
    className="search-bar"
  >
    <input
      className="search-input"
      onBlur={[Function]}
      onChange={[Function]}
      onFocus={[Function]}
      placeholder="Type your search query"
      type="text"
      value=""
    />
    <FontAwesomeIcon
      border={false}
      className=""
      fixedWidth={false}
      flip={null}
      icon="search"
      inverse={false}
      listItem={false}
      mask={null}
      pull={null}
      pulse={false}
      rotation={null}
      size={null}
      spin={false}
      style={
        Object {
          "color": "#ccc",
          "left": "8px",
          "position": "absolute",
          "top": "14px",
        }
      }
      symbol={false}
      transform={null}
    />
  </div>
  <ul
    className="search-autocomplete"
    style={
      Object {
        "visibility": "hidden",
      }
    }
  >
    <li
      className="search-autocomplete-item"
      key="0"
      onMouseDown={[Function]}
    >
      d3/d3
    </li>
    <li
      className="search-autocomplete-item"
      key="1"
      onMouseDown={[Function]}
    >
      dlang/dmd
    </li>
    <li
      className="search-autocomplete-item"
      key="2"
      onMouseDown={[Function]}
    >
      dlang/druntime
    </li>
    <li
      className="search-autocomplete-item"
      key="3"
      onMouseDown={[Function]}
    >
      vibe-d/vibe.d
    </li>
    <li
      className="search-autocomplete-item"
      key="4"
      onMouseDown={[Function]}
    >
      sjl/d
    </li>
    <li
      className="search-autocomplete-item"
      key="5"
      onMouseDown={[Function]}
    >
      stolksdorf/homebrewery
    </li>
    <li
      className="search-autocomplete-item"
      key="6"
      onMouseDown={[Function]}
    >
      ChaosForge/doomrl
    </li>
    <li
      className="search-autocomplete-item"
      key="7"
      onMouseDown={[Function]}
    >
      felixendres/rgbdslam_v2
    </li>
    <li
      className="search-autocomplete-item"
      key="8"
      onMouseDown={[Function]}
    >
      dlang/dub
    </li>
    <li
      className="search-autocomplete-item"
      key="9"
      onMouseDown={[Function]}
    >
      ldc-developers/ldc
    </li>
    <li
      className="search-autocomplete-item"
      key="10"
      onMouseDown={[Function]}
    >
      Circular-Studios/Dash
    </li>
    <li
      className="search-autocomplete-item"
      key="11"
      onMouseDown={[Function]}
    >
      evanbergeron/DND-5e-LaTeX-Template
    </li>
    <li
      className="search-autocomplete-item"
      key="12"
      onMouseDown={[Function]}
    >
      ethz-asl/libpointmatcher
    </li>
    <li
      className="search-autocomplete-item"
      key="13"
      onMouseDown={[Function]}
    >
      purcell/emacs.d
    </li>
    <li
      className="search-autocomplete-item"
      key="14"
      onMouseDown={[Function]}
    >
      dlang/tools
    </li>
    <li
      className="search-autocomplete-item"
      key="15"
      onMouseDown={[Function]}
    >
      morepurplemorebetter/MPMBs-Character-Record-Sheet
    </li>
    <li
      className="search-autocomplete-item"
      key="16"
      onMouseDown={[Function]}
    >
      dlang/phobos
    </li>
    <li
      className="search-autocomplete-item"
      key="17"
      onMouseDown={[Function]}
    >
      SamPutnam/Index-2018
    </li>
    <li
      className="search-autocomplete-item"
      key="18"
      onMouseDown={[Function]}
    >
      dlang/visuald
    </li>
    <li
      className="search-autocomplete-item"
      key="19"
      onMouseDown={[Function]}
    >
      crobi/dnd5e-quickref
    </li>
    <li
      className="search-autocomplete-item"
      key="20"
      onMouseDown={[Function]}
    >
      D-Programming-GDC/GDC
    </li>
    <li
      className="search-autocomplete-item"
      key="21"
      onMouseDown={[Function]}
    >
      Valloric/statblock5e
    </li>
    <li
      className="search-autocomplete-item"
      key="22"
      onMouseDown={[Function]}
    >
      json-schema-org/json-schema-spec
    </li>
    <li
      className="search-autocomplete-item"
      key="23"
      onMouseDown={[Function]}
    >
      raulmur/ORB_SLAM2
    </li>
    <li
      className="search-autocomplete-item"
      key="24"
      onMouseDown={[Function]}
    >
      cocos2d/cocos2d-x
    </li>
    <li
      className="search-autocomplete-item"
      key="25"
      onMouseDown={[Function]}
    >
      msgpack/msgpack-d
    </li>
    <li
      className="search-autocomplete-item"
      key="26"
      onMouseDown={[Function]}
    >
      blebson/DLink-Camera-Manager
    </li>
    <li
      className="search-autocomplete-item"
      key="27"
      onMouseDown={[Function]}
    >
      ubilabs/kd-tree-javascript
    </li>
    <li
      className="search-autocomplete-item"
      key="28"
      onMouseDown={[Function]}
    >
      Chuyu-Team/Dism-Multi-language
    </li>
    <li
      className="search-autocomplete-item"
      key="29"
      onMouseDown={[Function]}
    >
      pydata/xarray
    </li>
  </ul>
</div>
`;
